core_cm4.h:1939:34:__NVIC_SystemReset	4	static,ignoring_inline_asm
main.c:179:6:HAL_GPIO_EXTI_Callback	32	static
main.c:211:6:HAL_RTC_AlarmAEventCallback	16	static
main.c:232:5:main	112	static,ignoring_inline_asm
main.c:478:6:SystemClock_Config	128	static
main.c:534:13:MX_ADC2_Init	32	static
main.c:597:13:MX_ADC4_Init	32	static
main.c:660:13:MX_RTC_Init	80	static
main.c:764:13:MX_USART2_UART_Init	8	static
main.c:799:13:MX_USART3_UART_Init	8	static
main.c:832:13:MX_DMA_Init	16	static
main.c:853:13:MX_GPIO_Init	48	static
main.c:925:8:Sim_connectHTTP	48	static,ignoring_inline_asm
main.c:990:6:Sim_extractTimeStamp	40	static
main.c:1028:6:Sim_getHostnUrl	24	static
main.c:1049:6:Sim_enterSLEEPMode	16	static,ignoring_inline_asm
main.c:1075:6:Sim_exitSLEEPMode	8	static
main.c:1087:6:Sim_resetSIM	8	static,ignoring_inline_asm
main.c:1155:6:Sim_restartControl	136	static,ignoring_inline_asm
main.c:1207:6:Sim_sendMess	96	static
main.c:1220:6:RTC_initAlarm	16	static
main.c:1247:6:RTC_updateUserTime	48	static
main.c:1297:6:RTC_updateUserDate	16	static
main.c:1364:6:RTC_isLeapYear	16	static
main.c:1381:6:Flash_init	8	static
main.c:1407:6:Flash_writeData	32	static
main.c:1456:6:Flash_extractData	24	static
main.c:1491:7:RS485_readUltrasonicSensor	88	static,ignoring_inline_asm
main.c:1541:7:RS485_readLiquidLevelTransmitter	80	static,ignoring_inline_asm
main.c:1581:7:Sensor_getADCValue	32	static
main.c:1623:7:ADC_map	32	static
main.c:1628:6:PWR_ctrlPwrSensor	16	static
main.c:1634:6:PWR_getPwrSupply	24	static
main.c:1663:6:insertionSort	32	static
main.c:1678:6:insertionSort_2	32	static
main.c:1700:6:Error_Handler	4	static,ignoring_inline_asm
