core_cm4.h:1939:34:__NVIC_SystemReset	4	static,ignoring_inline_asm
main.c:136:6:HAL_GPIO_EXTI_Callback	16	static
main.c:144:6:HAL_RTC_AlarmAEventCallback	16	static
main.c:165:5:main	64	static,ignoring_inline_asm
main.c:338:6:SystemClock_Config	128	static
main.c:389:13:MX_RTC_Init	80	static
main.c:493:13:MX_USART2_UART_Init	8	static
main.c:528:13:MX_USART3_UART_Init	8	static
main.c:563:13:MX_GPIO_Init	48	static
main.c:616:8:Sim_connectHTTP	48	static,ignoring_inline_asm
main.c:681:6:Sim_extractTimeStamp	40	static
main.c:719:6:Sim_getHostnUrl	24	static
main.c:740:6:Sim_enterSLEEPMode	16	static,ignoring_inline_asm
main.c:766:6:Sim_exitSLEEPMode	8	static
main.c:778:6:Sim_resetSIM	8	static,ignoring_inline_asm
main.c:846:6:Sim_restartControl	136	static,ignoring_inline_asm
main.c:898:6:Sim_sendMess	96	static
main.c:911:6:RTC_initAlarm	16	static
main.c:938:6:RTC_updateUserTime	48	static
main.c:988:6:RTC_updateUserDate	16	static
main.c:1055:6:RTC_isLeapYear	16	static
main.c:1072:6:Flash_init	8	static
main.c:1098:6:Flash_writeData	32	static
main.c:1147:6:Flash_extractData	24	static
main.c:1188:6:Error_Handler	4	static,ignoring_inline_asm
