core_cm4.h:1939:34:__NVIC_SystemReset	4	static,ignoring_inline_asm
main.c:109:6:HAL_GPIO_EXTI_Callback	16	static
main.c:117:6:HAL_RTC_AlarmAEventCallback	16	static
main.c:138:5:main	64	static,ignoring_inline_asm
main.c:234:6:SystemClock_Config	128	static
main.c:285:13:MX_RTC_Init	80	static
main.c:389:13:MX_USART2_UART_Init	8	static
main.c:424:13:MX_USART3_UART_Init	8	static
main.c:459:13:MX_GPIO_Init	48	static
main.c:512:8:Sim_connectHTTP	48	static,ignoring_inline_asm
main.c:576:6:Sim_extractTimeStamp	40	static
main.c:614:6:Sim_getHostnUrl	24	static
main.c:635:6:Sim_enterSLEEPMode	16	static,ignoring_inline_asm
main.c:661:6:Sim_exitSLEEPMode	8	static
main.c:673:6:Sim_resetSIM	8	static,ignoring_inline_asm
main.c:741:6:Sim_restartControl	136	static,ignoring_inline_asm
main.c:793:6:Sim_sendMess	96	static
main.c:806:6:RTC_initAlarm	16	static
main.c:833:6:RTC_saveDateTime	16	static
main.c:842:6:RTC_readDateTime	16	static
main.c:860:6:Error_Handler	4	static,ignoring_inline_asm
