core_cm4.h:1939:34:__NVIC_SystemReset	4	static,ignoring_inline_asm
main.c:179:6:HAL_GPIO_EXTI_Callback	32	static
main.c:211:6:HAL_RTC_AlarmAEventCallback	16	static
main.c:232:5:main	184	static,ignoring_inline_asm
main.c:482:6:SystemClock_Config	128	static
main.c:538:13:MX_ADC2_Init	32	static
main.c:601:13:MX_ADC4_Init	32	static
main.c:664:13:MX_RTC_Init	80	static
main.c:768:13:MX_USART2_UART_Init	8	static
main.c:803:13:MX_USART3_UART_Init	8	static
main.c:836:13:MX_DMA_Init	16	static
main.c:857:13:MX_GPIO_Init	48	static
main.c:929:8:Sim_connectHTTP	48	static,ignoring_inline_asm
main.c:994:6:Sim_extractTimeStamp	40	static
main.c:1032:6:Sim_getHostnUrl	24	static
main.c:1053:6:Sim_enterSLEEPMode	16	static,ignoring_inline_asm
main.c:1079:6:Sim_exitSLEEPMode	8	static
main.c:1091:6:Sim_resetSIM	8	static,ignoring_inline_asm
main.c:1159:6:Sim_restartControl	136	static,ignoring_inline_asm
main.c:1211:6:Sim_sendMess	96	static
main.c:1224:6:RTC_initAlarm	16	static
main.c:1251:6:RTC_updateUserTime	48	static
main.c:1301:6:RTC_updateUserDate	16	static
main.c:1368:6:RTC_isLeapYear	16	static
main.c:1385:6:Flash_init	8	static
main.c:1411:6:Flash_writeData	32	static
main.c:1460:6:Flash_extractData	24	static
main.c:1495:7:RS485_readUltrasonicSensor	88	static,ignoring_inline_asm
main.c:1545:7:RS485_readLiquidLevelTransmitter	80	static,ignoring_inline_asm
main.c:1585:7:Sensor_getADCValue	32	static
main.c:1627:7:ADC_map	32	static
main.c:1632:6:PWR_ctrlPwrSensor	16	static
main.c:1638:6:PWR_getPwrSupply	24	static
main.c:1667:6:insertionSort	32	static
main.c:1682:6:insertionSort_2	32	static
main.c:1704:6:Error_Handler	4	static,ignoring_inline_asm
